Fetching ratings...
Raw ratings in DB: [
  {
    id: 'T9Z11Mracmk2YWOibXiI',
    userName: '┘å┘ê╪º┘ü',
    weekId: '3xrNOuESkW71CY4IHeLv',
    score: 4,
    createdAt: Timestamp { seconds: 1772234016, nanoseconds: 23000000 }
  },
  {
    id: 'h0tC8kFbIZ2kOLNb9VTf',
    userName: '╪¡┘â┘è╪▒',
    createdAt: Timestamp { seconds: 1772233957, nanoseconds: 143000000 },
    weekId: '3xrNOuESkW71CY4IHeLv',
    score: 5
  },
  {
    id: 'iwVkEtJiAvJk8vLFyX1f',
    userName: '╪┤┘ê┘â╪º',
    score: 5,
    weekId: '3xrNOuESkW71CY4IHeLv',
    createdAt: Timestamp { seconds: 1772233960, nanoseconds: 278000000 }
  },
  {
    id: 'kow1VyNQLC0h3UfxTFDV',
    userName: '╪╖┘ä╪º┘ä',
    weekId: '3xrNOuESkW71CY4IHeLv',
    score: 4,
    createdAt: Timestamp { seconds: 1772233986, nanoseconds: 783000000 }
  },
  {
    id: 'pwYYhGmHDHjRe4f6nNMn',
    userName: '┘ç╪┤╪º┘à',
    createdAt: Timestamp { seconds: 1772233980, nanoseconds: 158000000 },
    weekId: '3xrNOuESkW71CY4IHeLv',
    score: 5
  }
]
Fetching weeks...
Weeks in DB: [
  { id: '3xrNOuESkW71CY4IHeLv', king: '╪«╪º┘ä╪»', status: 'completed' },
  { id: 'fv2aZodjG6I7XYefW5Y1', king: '╪╖┘ä╪º┘ä', status: 'pending' }
]
